// Vitest Snapshot v1, https://vitest.dev/guide/snapshot.html

exports[`Heading > renders h3 heading with mixed text and link content 1`] = `
<DocumentFragment>
  <h3
    class="text-red-600 bg-teal-100 text-center text-xl leading-7 sm:text-2xl sm:leading-8 md:text-3xl md:leading-9 font-bold tracking-tight"
  >
    这是
    <a
      class="break-words"
      href="https://studio.xiyue.space"
      rel="noopener noreferrer"
      target="_blank"
    >
      文
      <span
        class="font-bold italic underline line-through text-red-600"
      >
        字
      </span>
    </a>
    数据
  </h3>
</DocumentFragment>
`;
