// Vitest Snapshot v1, https://vitest.dev/guide/snapshot.html

exports[`Heading > renders h1 heading 1`] = `
<DocumentFragment>
  <h1
    class="text-foreground bg-transparent text-left font-extrabold text-gray-900 dark:text-gray-100 text-3xl leading-normal sm:text-4xl sm:leading-normal md:text-5xl md:leading-normal"
    id="h1-1"
  >
    Heading 1
  </h1>
</DocumentFragment>
`;

exports[`Heading > renders h3 heading with link 1`] = `
<DocumentFragment>
  <h3
    class="text-foreground bg-transparent text-left font-bold text-gray-900 dark:text-gray-100 text-xl leading-normal sm:text-2xl sm:leading-normal md:text-3xl md:leading-normal"
    id="h3-2"
  >
    Check 
    <a
      class="inline-block max-w-full rounded wrap-break-word text-blue-600 decoration-2 underline-offset-2 transition-colors 
            hover:text-blue-800 hover:underline focus:ring-2 focus:ring-blue-300 focus:outline-none 
            dark:text-blue-300 dark:hover:text-blue-100 dark:focus:ring-blue-700"
      href="https://example.com"
      rel="noopener noreferrer"
      target="_blank"
    >
      <span
        class="font-bold"
      >
        this link
      </span>
    </a>
  </h3>
</DocumentFragment>
`;

exports[`Heading > renders heading with text alignment 1`] = `
<DocumentFragment>
  <h2
    class="text-foreground bg-transparent text-center font-bold text-gray-900 dark:text-gray-100 text-2xl leading-normal sm:text-3xl sm:leading-normal md:text-4xl md:leading-normal"
    id="h2-3"
  >
    Centered Heading
  </h2>
</DocumentFragment>
`;
