// Vitest Snapshot v1, https://vitest.dev/guide/snapshot.html

exports[`Content > renders mixed array of text and link content correctly 1`] = `
<DocumentFragment>
  这是
  <a
    class="break-words"
    href="https://studio.xiyue.space"
    rel="noopener noreferrer"
    target="_blank"
  >
    文
    <span
      class="font-bold italic underline line-through text-red-600"
    >
      字
    </span>
  </a>
  数据
</DocumentFragment>
`;
